
> generator-testu@7.1.86 qa:garp27:foundation
> node scripts/garp27/foundation-gate.mjs

{
  "classification": "GARP27_FOUNDATION_GATE",
  "schema": "garp27-foundation-summary-v1",
  "garpVersion": "2.7",
  "appId": "generator",
  "appVersion": "7.1.86",
  "status": "FOUNDATION_PASS_LIVE_NOT_TESTED",
  "serverPhase": "DEFERRED_BY_OWNER_DECISION",
  "liveStatus": "NOT_TESTED",
  "sourceIdentity": {
    "value": "b5801cccc88140ea683d9cf0278deb92c7771f8d",
    "kind": "local-source-tree-sha1-surrogate"
  },
  "steps": [
    {
      "id": "build-production",
      "expectedExit": 0,
      "actualExit": 0,
      "pass": true,
      "evidence": {
        "id": "build-production",
        "sha256": "2d782e3251ab2a7b9e5e61f2b3c5c7c907ee96b0cb9d2f40a8a4ff79c0e9d9b0"
      }
    },
    {
      "id": "version-contract",
      "expectedExit": 0,
      "actualExit": 0,
      "pass": true,
      "evidence": {
        "id": "version-contract",
        "sha256": "d270d1fb9d798cc391d87c90a994c0bca18ef674f96351f0b82e45613a5348d6"
      }
    },
    {
      "id": "garp27-contracts",
      "expectedExit": 0,
      "actualExit": 0,
      "pass": true,
      "evidence": {
        "id": "garp27-contracts",
        "sha256": "2855000f521de3d165d705837856ad26f96d2566923b4a2799a81745ac5d2835"
      }
    },
    {
      "id": "garp27-architecture",
      "expectedExit": 0,
      "actualExit": 0,
      "pass": true,
      "evidence": {
        "id": "garp27-architecture",
        "sha256": "e96864dc27089c309da678e9e4fd24acbfc90f0292bbc2ac1587b0c11e452a18"
      }
    },
    {
      "id": "garp27-policy-mutations",
      "expectedExit": 0,
      "actualExit": 0,
      "pass": true,
      "evidence": {
        "id": "garp27-policy-mutations",
        "sha256": "de3164e09483c84f08a36ca8ab89f00b0bfd6e4be5d98c1d99c928e3aad7996c"
      }
    },
    {
      "id": "garp27-mutations",
      "expectedExit": 0,
      "actualExit": 0,
      "pass": true,
      "evidence": {
        "id": "garp27-mutations",
        "sha256": "72f3211c11c9d86b4686ee1aacea5eee3be813041be0663937f5729d2be8bad7"
      }
    },
    {
      "id": "garp27-auto-patch",
      "expectedExit": 0,
      "actualExit": 0,
      "pass": true,
      "evidence": {
        "id": "garp27-auto-patch",
        "sha256": "7f7201ef74500b72635a7ecb4452f68b864a2728379507a4e40fb3d16ed8b355"
      }
    },
    {
      "id": "legacy-garp25-static",
      "expectedExit": 0,
      "actualExit": 0,
      "pass": true,
      "evidence": {
        "id": "legacy-garp25-static",
        "sha256": "563e7f6362550976a82b1658631064062958cd3cbad8527b67c9cfcfcc165502"
      }
    },
    {
      "id": "production-readiness",
      "expectedExit": 0,
      "actualExit": 0,
      "pass": true,
      "evidence": {
        "id": "production-readiness",
        "sha256": "4aecccd0bd06336c1cd3e35164745d1ff796437718e30469793823615bf10969"
      }
    },
    {
      "id": "action-pins",
      "expectedExit": 0,
      "actualExit": 0,
      "pass": true,
      "evidence": {
        "id": "action-pins",
        "sha256": "a241b90db0a6aedf2f8b0fc88570e498889cb77c00c9eeafc459841a76c296d1"
      }
    },
    {
      "id": "sensitive-scan",
      "expectedExit": 0,
      "actualExit": 0,
      "pass": true,
      "evidence": {
        "id": "sensitive-scan",
        "sha256": "4c3b08b9ce7f6b93a5cda9853223ff2feeb46584286f4fccce9064b364a655da"
      }
    },
    {
      "id": "assurance-admission",
      "expectedExit": 0,
      "actualExit": 0,
      "pass": true,
      "evidence": {
        "id": "assurance-admission",
        "sha256": "19f2f1135fca6ac0057b390d85947f0dc8a019f73aeb766cac60bd111d81f0ba"
      }
    }
  ],
  "summary": {
    "total": 12,
    "passed": 12,
    "failed": 0
  }
}
npm warn Unknown env config "http-proxy". This will stop working in the next major version of npm.
